// Jest Snapshot v1, https://goo.gl/fbAQLP

exports[`Probe should return default message 1`] = `"OK"`;
